<html>
<body>
<pre>
<h1>µVision Build Log</h1>
<h2>Project:</h2>
T:\asu\3rd CSE\Second-term\Microprocessor\Project\GPS-microprocessor\Tiva_Trial.uvproj
Project File Date:  06/04/2021

<h2>Output:</h2>
Build target 'Target 1'
compiling Tiva_LED_ON.c...
Tiva_LED_ON.c(32): warning:  #1-D: last line of file ends without a newline
  }
Tiva_LED_ON.c: 1 warning, 0 errors
linking...
Program Size: Code=464 RO-data=636 RW-data=0 ZI-data=512  
".\Tiva_Trial.axf" - 0 Error(s), 1 Warning(s).
</pre>
</body>
</html>
inking...
.\Tiva_Trial.axf: Error: L6218E: Undefined symbol SystemInit (referred from startup_tm4c123.o).
Not enough information to list image symbols.
Finished: 1 information, 0 warning and 1 error messages.
".\Tiva_Trial.axf" - 1 Error(s), 2 Warning(s).
Target not created
