<html>
<body>
<pre>
<h1>µVision Build Log</h1>
<h2>Project:</h2>
D:\keil\New folder\clone m\Tiva_Trial.uvproj
Project File Date:  06/04/2021

<h2>Output:</h2>
Build target 'Target 1'
compiling Tiva_LED_ON.c...
Tiva_LED_ON.c(43): warning:  #1-D: last line of file ends without a newline
  }
Tiva_LED_ON.c: 1 warning, 0 errors
linking...
Program Size: Code=728 RO-data=652 RW-data=4 ZI-data=612  
".\Tiva_Trial.axf" - 0 Error(s), 1 Warning(s).
Load "D:\\keil\\New folder\\clone m\\Tiva_Trial.axf" 
Connecting: Mode=JTAG, Speed=1000000Hz
Erase Done.
Programming Done.
Verify OK.
